[14-08-2026 21:51:31.00] ============================================================
[14-08-2026 21:51:31.01] Git Helper started
[14-08-2026 21:51:31.02] Current directory: C:\Users\asish\Desktop\project\TokenCare\Documents
[14-08-2026 21:51:32.18] Repository root: C:/Users/asish/Desktop/project/TokenCare/Documents
[14-08-2026 21:51:32.19] Current branch: main
[14-08-2026 21:52:17.71] Staged all changes
[14-08-2026 21:52:53.92] Created commit: adding colloboration helper
[14-08-2026 21:52:57.79] Git Helper exited
[14-08-2026 21:53:03.65] ============================================================
[14-08-2026 21:53:03.67] Git Helper started
[14-08-2026 21:53:03.68] Current directory: C:\Users\asish\Desktop\project\TokenCare\Documents
[14-08-2026 21:53:04.02] Repository root: C:/Users/asish/Desktop/project/TokenCare/Documents
[14-08-2026 21:53:04.03] Current branch: main
[14-08-2026 21:53:40.44] Pushed branch: main
[14-08-2026 21:53:48.83] Git Helper exited
[14-08-2026 21:55:55.47] ============================================================
[14-08-2026 21:55:55.49] Git Helper started
[14-08-2026 21:55:55.50] Current directory: C:\Users\asish\Desktop\project\TokenCare\Documents
[14-08-2026 21:55:55.81] Repository root: C:/Users/asish/Desktop/project/TokenCare/Documents
[14-08-2026 21:55:55.82] Current branch: main
[14-08-2026 21:56:26.43] MAIN synchronized successfully
[14-08-2026 21:56:45.89] Opened GitHub repository
[14-08-2026 21:58:12.73] Full workflow blocked: uncommitted changes
[14-08-2026 21:58:47.77] Full workflow blocked: uncommitted changes
[14-08-2026 22:09:55.11] ============================================================
[14-08-2026 22:09:55.13] TokenCare Documents Git Helper started
[14-08-2026 22:09:55.14] Current directory: C:\Users\asish\Desktop\project\TokenCare\Documents
[14-08-2026 22:09:55.53] Local repository: C:/Users/asish/Desktop/project/TokenCare/Documents
[14-08-2026 22:09:55.53] Current branch: main
[14-08-2026 22:09:55.54] Remote repository: https://github.com/TokenCare/Documents.git
[14-08-2026 22:12:33.46] ============================================================
[14-08-2026 22:12:33.47] TokenCare Documents Git Helper started
[14-08-2026 22:12:33.48] Current directory: C:\Users\asish\Desktop\project\TokenCare\Documents
[14-08-2026 22:12:33.85] Local repository: C:/Users/asish/Desktop/project/TokenCare/Documents
[14-08-2026 22:12:33.85] Current branch: main
[14-08-2026 22:12:33.86] Remote repository: https://github.com/TokenCare/Documents.git
[14-08-2026 22:12:45.64] Commit skipped: no staged changes
[14-08-2026 22:13:10.47] Staged all local changes
[14-08-2026 22:13:42.03] Created local commit: some changes
[14-08-2026 22:14:15.73] Git Helper exited
[15-08-2026  6:26:40.25] ============================================================
[15-08-2026  6:26:40.27] TokenCare Documents Git Helper started
[15-08-2026  6:26:40.29] Current directory: C:\Users\asish\Desktop\project\TokenCare\Documents
[15-08-2026  6:26:41.53] Local repository: C:/Users/asish/Desktop/project/TokenCare/Documents
[15-08-2026  6:26:41.54] Current branch: main
[15-08-2026  6:26:41.55] Remote repository: https://github.com/TokenCare/Documents.git
[15-08-2026  6:37:41.86] ============================================================
[15-08-2026  6:37:41.89] TokenCare Documents Git Helper started
[15-08-2026  6:37:41.91] Current directory: C:\Users\asish\Desktop\project\TokenCare\Documents
[15-08-2026  6:37:42.43] Local repository: C:/Users/asish/Desktop/project/TokenCare/Documents
[15-08-2026  6:37:42.44] Current branch: main
[15-08-2026  6:37:42.45] Remote repository: https://github.com/TokenCare/Documents.git
[15-08-2026  6:37:51.48] Synchronized Local MAIN with Remote MAIN
[15-08-2026  6:38:43.61] ============================================================
[15-08-2026  6:38:43.63] TokenCare Documents Git Helper started
[15-08-2026  6:38:43.64] Current directory: C:\Users\asish\Desktop\project\TokenCare\Documents
[15-08-2026  6:38:44.21] Local repository: C:/Users/asish/Desktop/project/TokenCare/Documents
[15-08-2026  6:38:44.21] Current branch: main
[15-08-2026  6:38:44.22] Remote repository: https://github.com/TokenCare/Documents.git
[16-08-2026 11:19:51.28] ============================================================
[16-08-2026 11:19:51.30] TokenCare Documents Git Helper started
[16-08-2026 11:19:51.31] Current directory: C:\Users\asish\Desktop\project\TokenCare\Documents
[16-08-2026 11:19:51.85] Local repository: C:/Users/asish/Desktop/project/TokenCare/Documents
[16-08-2026 11:19:51.86] Current branch: main
[16-08-2026 11:19:51.86] Remote repository: https://github.com/TokenCare/Documents.git
[16-08-2026 11:20:09.36] Commit skipped: no staged changes
